<testsuites name="results">
  <testsuite name="all" package="all">
    <property name="random_seed" value="1745658228" />
    <testcase name="my_first_test" classname="test_my_design" file="/home/wisig/Videos/gokul/coco_tb/test_my_design.py" lineno="5" time="0.0007026195526123047" sim_time_ns="21.0" ratio_time="29888.152019002377" />
    <testcase name="my_second_test" classname="test_my_design" file="/home/wisig/Videos/gokul/coco_tb/test_my_design.py" lineno="35" time="0.0003161430358886719" sim_time_ns="7.0" ratio_time="22141.876319758674">
      <failure message="Test failed with RANDOM_SEED=1745658228" />
    </testcase>
  </testsuite>
</testsuites>
